
 subsite  | node  | sensor       | bin        | method      | time                  | deployment | internal_timestamp | port_timestamp        | preferred_timestamp | quality_flag | date_string | dcl_controller_timestamp | measurement_wavelength_beta | measurement_wavelength_cdom | measurement_wavelength_chl | raw_internal_temp | raw_signal_beta | raw_signal_cdom | raw_signal_chl | time_string
----------+-------+--------------+------------+-------------+-----------------------+------------+--------------------+-----------------------+---------------------+--------------+-------------+--------------------------+-----------------------------+-----------------------------+----------------------------+-------------------+-----------------+-----------------+----------------+-------------
 CE01ISSM | SBD17 | 06-FLORTD000 | 3621110400 | telemetered | 3621112227.7829999924 |          2 |         3621112222 | 3621112227.7829999924 |      port_timestamp |           ok |        null |                     null |                        null |                        null |                       null |              null |            4130 |            4130 |           1251 |        null
 CE01ISSM | SBD17 | 06-FLORTD000 | 3621110400 | telemetered | 3621187827.5430002213 |          2 |         3621187822 | 3621187827.5430002213 |      port_timestamp |           ok |        null |                     null |                        null |                        null |                       null |              null |            4130 |            4130 |           1254 |        null
 CE01ISSM | SBD17 | 06-FLORTD000 | 3621110400 | telemetered | 3621191425.7709999084 |          2 |         3621191420 | 3621191425.7709999084 |      port_timestamp |           ok |        null |                     null |                        null |                        null |                       null |              null |            4130 |            4130 |           1249 |        null
 CE01ISSM | SBD17 | 06-FLORTD000 | 3621110400 | telemetered | 3621195026.6970000267 |          2 |         3621195021 | 3621195026.6970000267 |      port_timestamp |           ok |        null |                     null |                        null |                        null |                       null |              null |            4130 |            4130 |           1247 |        null

(4 rows)
