
 subsite  | node  | sensor       | bin        | method      | time                  | deployment | internal_timestamp | port_timestamp        | preferred_timestamp | quality_flag | date_string | dcl_controller_timestamp | measurement_wavelength_beta | measurement_wavelength_cdom | measurement_wavelength_chl | raw_internal_temp | raw_signal_beta | raw_signal_cdom | raw_signal_chl | time_string
----------+-------+--------------+------------+-------------+-----------------------+------------+--------------------+-----------------------+---------------------+--------------+-------------+--------------------------+-----------------------------+-----------------------------+----------------------------+-------------------+-----------------+-----------------+----------------+-------------
 CE01ISSM | SBD17 | 06-FLORTD000 | 3694032000 | telemetered | 3694048226.8059997559 |          6 |         3694048220 | 3694048226.8059997559 |      port_timestamp |           ok |        null |                     null |                        null |                        null |                       null |              null |            3694 |              80 |            121 |        null
 CE01ISSM | SBD17 | 06-FLORTD000 | 3694032000 | telemetered | 3694109428.2010002136 |          6 |         3694109421 | 3694109428.2010002136 |      port_timestamp |           ok |        null |                     null |                        null |                        null |                       null |              null |            4130 |              79 |            125 |        null
 CE01ISSM | SBD17 | 06-FLORTD000 | 3694032000 | telemetered | 3694116627.6259999275 |          6 |         3694116621 | 3694116627.6259999275 |      port_timestamp |           ok |        null |                     null |                        null |                        null |                       null |              null |            4124 |              80 |            127 |        null

(3 rows)
