
 subsite  | node  | sensor       | bin        | method      | time                  | deployment | internal_timestamp | port_timestamp        | preferred_timestamp | quality_flag | date_string | dcl_controller_timestamp | measurement_wavelength_beta | measurement_wavelength_cdom | measurement_wavelength_chl | raw_internal_temp | raw_signal_beta | raw_signal_cdom | raw_signal_chl | time_string
----------+-------+--------------+------------+-------------+-----------------------+------------+--------------------+-----------------------+---------------------+--------------+-------------+--------------------------+-----------------------------+-----------------------------+----------------------------+-------------------+-----------------+-----------------+----------------+-------------
 CE01ISSM | SBD17 | 06-FLORTD000 | 3684182400 | telemetered | 3684245426.6440000534 |          6 |         3684245422 | 3684245426.6440000534 |      port_timestamp |           ok |        null |                     null |                        null |                        null |                       null |              null |             601 |              71 |            219 |        null
 CE01ISSM | SBD17 | 06-FLORTD000 | 3684182400 | telemetered | 3684249026.9790000916 |          6 |         3684249022 | 3684249026.9790000916 |      port_timestamp |           ok |        null |                     null |                        null |                        null |                       null |              null |             674 |              68 |            195 |        null
 CE01ISSM | SBD17 | 06-FLORTD000 | 3684182400 | telemetered | 3684252626.3400001526 |          6 |         3684252621 | 3684252626.3400001526 |      port_timestamp |           ok |        null |                     null |                        null |                        null |                       null |              null |             648 |              69 |            252 |        null
 CE01ISSM | SBD17 | 06-FLORTD000 | 3684182400 | telemetered | 3684256226.5349998474 |          6 |         3684256222 | 3684256226.5349998474 |      port_timestamp |           ok |        null |                     null |                        null |                        null |                       null |              null |             672 |              69 |            258 |        null
 CE01ISSM | SBD17 | 06-FLORTD000 | 3684182400 | telemetered | 3684259826.8129997253 |          6 |         3684259822 | 3684259826.8129997253 |      port_timestamp |           ok |        null |                     null |                        null |                        null |                       null |              null |             720 |              72 |            189 |        null
 CE01ISSM | SBD17 | 06-FLORTD000 | 3684182400 | telemetered | 3684263426.5369997025 |          6 |         3684263422 | 3684263426.5369997025 |      port_timestamp |           ok |        null |                     null |                        null |                        null |                       null |              null |             733 |              70 |            242 |        null
 CE01ISSM | SBD17 | 06-FLORTD000 | 3684182400 | telemetered | 3684267028.0240001678 |          6 |         3684267023 | 3684267028.0240001678 |      port_timestamp |           ok |        null |                     null |                        null |                        null |                       null |              null |             656 |              70 |            257 |        null

(7 rows)
