
 subsite  | node  | sensor       | bin        | method      | time                  | deployment | internal_timestamp | port_timestamp        | preferred_timestamp | quality_flag | date_string | dcl_controller_timestamp | measurement_wavelength_beta | measurement_wavelength_cdom | measurement_wavelength_chl | raw_internal_temp | raw_signal_beta | raw_signal_cdom | raw_signal_chl | time_string
----------+-------+--------------+------------+-------------+-----------------------+------------+--------------------+-----------------------+---------------------+--------------+-------------+--------------------------+-----------------------------+-----------------------------+----------------------------+-------------------+-----------------+-----------------+----------------+-------------
 CE01ISSM | SBD17 | 06-FLORTD000 | 3621888000 | telemetered |        3621954626.375 |          2 |         3621954620 |        3621954626.375 |      port_timestamp |           ok |        null |                     null |                        null |                        null |                       null |              null |             463 |              77 |            409 |        null
 CE01ISSM | SBD17 | 06-FLORTD000 | 3621888000 | telemetered | 3621961826.6619997025 |          2 |         3621961820 | 3621961826.6619997025 |      port_timestamp |           ok |        null |                     null |                        null |                        null |                       null |              null |             533 |              78 |            440 |        null
 CE01ISSM | SBD17 | 06-FLORTD000 | 3621888000 | telemetered | 3621965427.0920000076 |          2 |         3621965420 | 3621965427.0920000076 |      port_timestamp |           ok |        null |                     null |                        null |                        null |                       null |              null |             512 |              75 |            462 |        null
 CE01ISSM | SBD17 | 06-FLORTD000 | 3621888000 | telemetered | 3621972626.4149999619 |          2 |         3621972620 | 3621972626.4149999619 |      port_timestamp |           ok |        null |                     null |                        null |                        null |                       null |              null |             531 |              76 |            603 |        null

(4 rows)
