
 subsite  | node  | sensor       | bin        | method      | time                  | deployment | internal_timestamp | port_timestamp        | preferred_timestamp | quality_flag | date_string | dcl_controller_timestamp | measurement_wavelength_beta | measurement_wavelength_cdom | measurement_wavelength_chl | raw_internal_temp | raw_signal_beta | raw_signal_cdom | raw_signal_chl | time_string
----------+-------+--------------+------------+-------------+-----------------------+------------+--------------------+-----------------------+---------------------+--------------+-------------+--------------------------+-----------------------------+-----------------------------+----------------------------+-------------------+-----------------+-----------------+----------------+-------------
 CE01ISSM | SBD17 | 06-FLORTD000 | 3653251200 | telemetered | 3653317759.6900000572 |          4 |         3653317755 | 3653317759.6900000572 |      port_timestamp |           ok |        null |                     null |                        null |                        null |                       null |              null |              50 |             874 |             53 |        null
 CE01ISSM | SBD17 | 06-FLORTD000 | 3653251200 | telemetered | 3653321358.9890003204 |          4 |         3653321354 | 3653321358.9890003204 |      port_timestamp |           ok |        null |                     null |                        null |                        null |                       null |              null |            4130 |            3627 |           2360 |        null

(2 rows)
