
 subsite  | node  | sensor       | bin        | method      | time                  | deployment | internal_timestamp | port_timestamp        | preferred_timestamp | quality_flag | date_string | dcl_controller_timestamp | measurement_wavelength_beta | measurement_wavelength_cdom | measurement_wavelength_chl | raw_internal_temp | raw_signal_beta | raw_signal_cdom | raw_signal_chl | time_string
----------+-------+--------------+------------+-------------+-----------------------+------------+--------------------+-----------------------+---------------------+--------------+-------------+--------------------------+-----------------------------+-----------------------------+----------------------------+-------------------+-----------------+-----------------+----------------+-------------
 CE02SHSM | RID27 | 02-FLORTD000 | 3702240000 | telemetered | 3702282345.2490000725 |          5 |         3702282273 | 3702282345.2490000725 |      port_timestamp |           ok |        null |                     null |                         700 |                         460 |                        695 |               556 |             225 |              63 |            169 |        null
 CE02SHSM | RID27 | 02-FLORTD000 | 3702240000 | telemetered | 3702282346.3789997101 |          5 |         3702282274 | 3702282346.3789997101 |      port_timestamp |           ok |        null |                     null |                         700 |                         460 |                        695 |               556 |             237 |              61 |            150 |        null
 CE02SHSM | RID27 | 02-FLORTD000 | 3702240000 | telemetered | 3702282347.5089998245 |          5 |         3702282275 | 3702282347.5089998245 |      port_timestamp |           ok |        null |                     null |                         700 |                         460 |                        695 |               556 |             219 |              65 |            143 |        null
 CE02SHSM | RID27 | 02-FLORTD000 | 3702240000 | telemetered | 3702282354.2860002518 |          5 |         3702282282 | 3702282354.2860002518 |      port_timestamp |           ok |        null |                     null |                         700 |                         460 |                        695 |               556 |             225 |              63 |            149 |        null
 CE02SHSM | RID27 | 02-FLORTD000 | 3702240000 | telemetered | 3702282382.5240001678 |          5 |         3702282310 | 3702282382.5240001678 |      port_timestamp |           ok |        null |                     null |                         700 |                         460 |                        695 |               555 |             232 |              62 |            141 |        null
 CE02SHSM | RID27 | 02-FLORTD000 | 3702240000 | telemetered | 3702282383.6529998779 |          5 |         3702282311 | 3702282383.6529998779 |      port_timestamp |           ok |        null |                     null |                         700 |                         460 |                        695 |               555 |             229 |              62 |            143 |        null
 CE02SHSM | RID27 | 02-FLORTD000 | 3702240000 | telemetered | 3702282384.7890000343 |          5 |         3702282312 | 3702282384.7890000343 |      port_timestamp |           ok |        null |                     null |                         700 |                         460 |                        695 |               555 |             225 |              66 |            159 |        null
 CE02SHSM | RID27 | 02-FLORTD000 | 3702240000 | telemetered |  3702282411.892999649 |          5 |         3702282340 |  3702282411.892999649 |      port_timestamp |           ok |        null |                     null |                         700 |                         460 |                        695 |               554 |             225 |              64 |            161 |        null
 CE02SHSM | RID27 | 02-FLORTD000 | 3702240000 | telemetered | 3702282413.0220003128 |          5 |         3702282341 | 3702282413.0220003128 |      port_timestamp |           ok |        null |                     null |                         700 |                         460 |                        695 |               554 |             212 |              63 |            158 |        null
 CE02SHSM | RID27 | 02-FLORTD000 | 3702240000 | telemetered | 3702310215.5760002136 |          5 |         3702310143 | 3702310215.5760002136 |      port_timestamp |           ok |        null |                     null |                         700 |                         460 |                        695 |               557 |             263 |              63 |            166 |        null
 CE02SHSM | RID27 | 02-FLORTD000 | 3702240000 | telemetered | 3702310216.7049999237 |          5 |         3702310144 | 3702310216.7049999237 |      port_timestamp |           ok |        null |                     null |                         700 |                         460 |                        695 |               557 |             272 |              62 |            177 |        null
 CE02SHSM | RID27 | 02-FLORTD000 | 3702240000 | telemetered | 3702310227.8350000381 |          5 |         3702310145 | 3702310227.8350000381 |      port_timestamp |           ok |        null |                     null |                         700 |                         460 |                        695 |               557 |             267 |              62 |            179 |        null
 CE02SHSM | RID27 | 02-FLORTD000 | 3702240000 | telemetered | 3702310228.9639997482 |          5 |         3702310146 | 3702310228.9639997482 |      port_timestamp |           ok |        null |                     null |                         700 |                         460 |                        695 |               557 |             271 |              65 |            184 |        null
 CE02SHSM | RID27 | 02-FLORTD000 | 3702240000 | telemetered | 3702324737.9330000877 |          5 |         3702324665 | 3702324737.9330000877 |      port_timestamp |           ok |        null |                     null |                         700 |                         460 |                        695 |               554 |             280 |              61 |            166 |        null
 CE02SHSM | RID27 | 02-FLORTD000 | 3702240000 | telemetered | 3702324739.0609998703 |          5 |         3702324666 | 3702324739.0609998703 |      port_timestamp |           ok |        null |                     null |                         700 |                         460 |                        695 |               553 |             282 |              63 |            173 |        null
 CE02SHSM | RID27 | 02-FLORTD000 | 3702240000 | telemetered | 3702324741.3190002441 |          5 |         3702324669 | 3702324741.3190002441 |      port_timestamp |           ok |        null |                     null |                         700 |                         460 |                        695 |               553 |             305 |              61 |            166 |        null
 CE02SHSM | RID27 | 02-FLORTD000 | 3702240000 | telemetered | 3702324742.4489998817 |          5 |         3702324670 | 3702324742.4489998817 |      port_timestamp |           ok |        null |                     null |                         700 |                         460 |                        695 |               553 |             286 |              62 |            174 |        null
 CE02SHSM | RID27 | 02-FLORTD000 | 3702240000 | telemetered | 3702324772.9519996643 |          5 |         3702324700 | 3702324772.9519996643 |      port_timestamp |           ok |        null |                     null |                         700 |                         460 |                        695 |               553 |             276 |              62 |            176 |        null
 CE02SHSM | RID27 | 02-FLORTD000 | 3702240000 | telemetered | 3702325580.9910001755 |          5 |         3702325508 | 3702325580.9910001755 |      port_timestamp |           ok |        null |                     null |                         700 |                         460 |                        695 |               555 |             272 |              62 |            194 |        null
 CE02SHSM | RID27 | 02-FLORTD000 | 3702240000 | telemetered | 3702325582.1210002899 |          5 |         3702325510 | 3702325582.1210002899 |      port_timestamp |           ok |        null |                     null |                         700 |                         460 |                        695 |               555 |             324 |              64 |            178 |        null
 CE02SHSM | RID27 | 02-FLORTD000 | 3702240000 | telemetered | 3702325604.7160000801 |          5 |         3702325532 | 3702325604.7160000801 |      port_timestamp |           ok |        null |                     null |                         700 |                         460 |                        695 |               554 |             291 |              62 |            169 |        null
 CE02SHSM | RID27 | 02-FLORTD000 | 3702240000 | telemetered | 3702325605.8459997177 |          5 |         3702325533 | 3702325605.8459997177 |      port_timestamp |           ok |        null |                     null |                         700 |                         460 |                        695 |               554 |             294 |              61 |            178 |        null
 CE02SHSM | RID27 | 02-FLORTD000 | 3702240000 | telemetered | 3702325606.9749999046 |          5 |         3702325534 | 3702325606.9749999046 |      port_timestamp |           ok |        null |                     null |                         700 |                         460 |                        695 |               554 |             283 |              63 |            198 |        null
 CE02SHSM | RID27 | 02-FLORTD000 | 3702240000 | telemetered | 3702325637.4779996872 |          5 |         3702325565 | 3702325637.4779996872 |      port_timestamp |           ok |        null |                     null |                         700 |                         460 |                        695 |               554 |             279 |              63 |            166 |        null
 CE02SHSM | RID27 | 02-FLORTD000 | 3702240000 | telemetered |  3702325638.607000351 |          5 |         3702325566 |  3702325638.607000351 |      port_timestamp |           ok |        null |                     null |                         700 |                         460 |                        695 |               554 |             282 |              62 |            164 |        null
 CE02SHSM | RID27 | 02-FLORTD000 | 3702240000 | telemetered | 3702325639.7369999886 |          5 |         3702325567 | 3702325639.7369999886 |      port_timestamp |           ok |        null |                     null |                         700 |                         460 |                        695 |               553 |             282 |              62 |            158 |        null
 CE02SHSM | RID27 | 02-FLORTD000 | 3702240000 | telemetered | 3702325647.6440000534 |          5 |         3702325575 | 3702325647.6440000534 |      port_timestamp |           ok |        null |                     null |                         700 |                         460 |                        695 |               553 |             281 |              62 |            165 |        null
 CE02SHSM | RID27 | 02-FLORTD000 | 3702240000 | telemetered | 3702325648.7750000954 |          5 |         3702325576 | 3702325648.7750000954 |      port_timestamp |           ok |        null |                     null |                         700 |                         460 |                        695 |               553 |             293 |              66 |            177 |        null
 CE02SHSM | RID27 | 02-FLORTD000 | 3702240000 | telemetered | 3702325679.2769999504 |          5 |         3702325607 | 3702325679.2769999504 |      port_timestamp |           ok |        null |                     null |                         700 |                         460 |                        695 |               553 |             271 |              60 |            151 |        null
 CE02SHSM | RID27 | 02-FLORTD000 | 3702240000 | telemetered | 3702325681.5369997025 |          5 |         3702325609 | 3702325681.5369997025 |      port_timestamp |           ok |        null |                     null |                         700 |                         460 |                        695 |               553 |             281 |              60 |            162 |        null

(30 rows)
