
 subsite  | node  | sensor       | bin        | method      | time                  | deployment | internal_timestamp | port_timestamp        | preferred_timestamp | quality_flag | date_string | dcl_controller_timestamp | measurement_wavelength_beta | measurement_wavelength_cdom | measurement_wavelength_chl | raw_internal_temp | raw_signal_beta | raw_signal_cdom | raw_signal_chl | time_string
----------+-------+--------------+------------+-------------+-----------------------+------------+--------------------+-----------------------+---------------------+--------------+-------------+--------------------------+-----------------------------+-----------------------------+----------------------------+-------------------+-----------------+-----------------+----------------+-------------
 CE02SHSM | RID27 | 02-FLORTD000 | 3702412800 | telemetered | 3702498359.3559999466 |          5 |         3702498286 | 3702498359.3559999466 |      port_timestamp |           ok |        null |                     null |                         700 |                         460 |                        695 |               554 |             386 |              67 |            184 |        null
 CE02SHSM | RID27 | 02-FLORTD000 | 3702412800 | telemetered | 3702498372.9130001068 |          5 |         3702498299 | 3702498372.9130001068 |      port_timestamp |           ok |        null |                     null |                         700 |                         460 |                        695 |               554 |             560 |              63 |            174 |        null
 CE02SHSM | RID27 | 02-FLORTD000 | 3702412800 | telemetered | 3702498379.6900000572 |          5 |         3702498306 | 3702498379.6900000572 |      port_timestamp |           ok |        null |                     null |                         700 |                         460 |                        695 |               554 |             446 |              69 |            184 |        null
 CE02SHSM | RID27 | 02-FLORTD000 | 3702412800 | telemetered | 3702498380.8199996948 |          5 |         3702498307 | 3702498380.8199996948 |      port_timestamp |           ok |        null |                     null |                         700 |                         460 |                        695 |               554 |             380 |              65 |            195 |        null
 CE02SHSM | RID27 | 02-FLORTD000 | 3702412800 | telemetered | 3702498384.2080001831 |          5 |         3702498311 | 3702498384.2080001831 |      port_timestamp |           ok |        null |                     null |                         700 |                         460 |                        695 |               554 |             504 |              64 |            178 |        null
 CE02SHSM | RID27 | 02-FLORTD000 | 3702412800 | telemetered | 3702498385.3380002975 |          5 |         3702498312 | 3702498385.3380002975 |      port_timestamp |           ok |        null |                     null |                         700 |                         460 |                        695 |               554 |             643 |              66 |            192 |        null
 CE02SHSM | RID27 | 02-FLORTD000 | 3702412800 | telemetered | 3702498386.4679999352 |          5 |         3702498313 | 3702498386.4679999352 |      port_timestamp |           ok |        null |                     null |                         700 |                         460 |                        695 |               554 |             481 |              64 |            198 |        null
 CE02SHSM | RID27 | 02-FLORTD000 | 3702412800 | telemetered | 3702498387.5970001221 |          5 |         3702498314 | 3702498387.5970001221 |      port_timestamp |           ok |        null |                     null |                         700 |                         460 |                        695 |               553 |             426 |              64 |            182 |        null
 CE02SHSM | RID27 | 02-FLORTD000 | 3702412800 | telemetered | 3702498398.8949999809 |          5 |         3702498325 | 3702498398.8949999809 |      port_timestamp |           ok |        null |                     null |                         700 |                         460 |                        695 |               553 |             392 |              64 |            184 |        null
 CE02SHSM | RID27 | 02-FLORTD000 | 3702412800 | telemetered | 3702498402.2839999199 |          5 |         3702498329 | 3702498402.2839999199 |      port_timestamp |           ok |        null |                     null |                         700 |                         460 |                        695 |               553 |             421 |              66 |            157 |        null
 CE02SHSM | RID27 | 02-FLORTD000 | 3702412800 | telemetered | 3702498403.4140000343 |          5 |         3702498330 | 3702498403.4140000343 |      port_timestamp |           ok |        null |                     null |                         700 |                         460 |                        695 |               553 |             403 |              63 |            178 |        null
 CE02SHSM | RID27 | 02-FLORTD000 | 3702412800 | telemetered | 3702498404.5480003357 |          5 |         3702498331 | 3702498404.5480003357 |      port_timestamp |           ok |        null |                     null |                         700 |                         460 |                        695 |               553 |             469 |              63 |            182 |        null
 CE02SHSM | RID27 | 02-FLORTD000 | 3702412800 | telemetered | 3702498411.3210000992 |          5 |         3702498338 | 3702498411.3210000992 |      port_timestamp |           ok |        null |                     null |                         700 |                         460 |                        695 |               553 |             348 |              65 |            187 |        null
 CE02SHSM | RID27 | 02-FLORTD000 | 3702412800 | telemetered | 3702498412.4510002136 |          5 |         3702498339 | 3702498412.4510002136 |      port_timestamp |           ok |        null |                     null |                         700 |                         460 |                        695 |               553 |             397 |              64 |            204 |        null
 CE02SHSM | RID27 | 02-FLORTD000 | 3702412800 | telemetered | 3702498413.5810003281 |          5 |         3702498340 | 3702498413.5810003281 |      port_timestamp |           ok |        null |                     null |                         700 |                         460 |                        695 |               553 |             482 |              64 |            168 |        null
 CE02SHSM | RID27 | 02-FLORTD000 | 3702412800 | telemetered | 3702498414.7109999657 |          5 |         3702498341 | 3702498414.7109999657 |      port_timestamp |           ok |        null |                     null |                         700 |                         460 |                        695 |               553 |             414 |              64 |            184 |        null
 CE02SHSM | RID27 | 02-FLORTD000 | 3702412800 | telemetered | 3702498415.8400001526 |          5 |         3702498342 | 3702498415.8400001526 |      port_timestamp |           ok |        null |                     null |                         700 |                         460 |                        695 |               553 |             573 |              66 |            198 |        null
 CE02SHSM | RID27 | 02-FLORTD000 | 3702412800 | telemetered | 3702498429.3970003128 |          5 |         3702498356 | 3702498429.3970003128 |      port_timestamp |           ok |        null |                     null |                         700 |                         460 |                        695 |               553 |             422 |              63 |            173 |        null
 CE02SHSM | RID27 | 02-FLORTD000 | 3702412800 | telemetered | 3702498430.5269999504 |          5 |         3702498357 | 3702498430.5269999504 |      port_timestamp |           ok |        null |                     null |                         700 |                         460 |                        695 |               553 |             496 |              67 |            181 |        null
 CE02SHSM | RID27 | 02-FLORTD000 | 3702412800 | telemetered | 3702498431.6570000648 |          5 |         3702498358 | 3702498431.6570000648 |      port_timestamp |           ok |        null |                     null |                         700 |                         460 |                        695 |               552 |             475 |              65 |            202 |        null
 CE02SHSM | RID27 | 02-FLORTD000 | 3702412800 | telemetered | 3702498432.7869997025 |          5 |         3702498359 | 3702498432.7869997025 |      port_timestamp |           ok |        null |                     null |                         700 |                         460 |                        695 |               552 |             471 |              64 |            185 |        null
 CE02SHSM | RID27 | 02-FLORTD000 | 3702412800 | telemetered | 3702498433.9159998894 |          5 |         3702498360 | 3702498433.9159998894 |      port_timestamp |           ok |        null |                     null |                         700 |                         460 |                        695 |               553 |             399 |              67 |            188 |        null
 CE02SHSM | RID27 | 02-FLORTD000 | 3702412800 | telemetered | 3702498435.0460000038 |          5 |         3702498362 | 3702498435.0460000038 |      port_timestamp |           ok |        null |                     null |                         700 |                         460 |                        695 |               552 |             497 |              66 |            203 |        null
 CE02SHSM | RID27 | 02-FLORTD000 | 3702412800 | telemetered | 3702498444.0810003281 |          5 |         3702498371 | 3702498444.0810003281 |      port_timestamp |           ok |        null |                     null |                         700 |                         460 |                        695 |               552 |             561 |              67 |            183 |        null
 CE02SHSM | RID27 | 02-FLORTD000 | 3702412800 | telemetered | 3702498445.2109999657 |          5 |         3702498372 | 3702498445.2109999657 |      port_timestamp |           ok |        null |                     null |                         700 |                         460 |                        695 |               552 |             411 |              65 |            206 |        null
 CE02SHSM | RID27 | 02-FLORTD000 | 3702412800 | telemetered | 3702498446.3410000801 |          5 |         3702498373 | 3702498446.3410000801 |      port_timestamp |           ok |        null |                     null |                         700 |                         460 |                        695 |               552 |             479 |              64 |            177 |        null
 CE02SHSM | RID27 | 02-FLORTD000 | 3702412800 | telemetered | 3702498451.9910001755 |          5 |         3702498378 | 3702498451.9910001755 |      port_timestamp |           ok |        null |                     null |                         700 |                         460 |                        695 |               552 |             493 |              64 |            182 |        null
 CE02SHSM | RID27 | 02-FLORTD000 | 3702412800 | telemetered |  3702498458.767999649 |          5 |         3702498385 |  3702498458.767999649 |      port_timestamp |           ok |        null |                     null |                         700 |                         460 |                        695 |               552 |             397 |              67 |            167 |        null
 CE02SHSM | RID27 | 02-FLORTD000 | 3702412800 | telemetered | 3702498462.2030000687 |          5 |         3702498389 | 3702498462.2030000687 |      port_timestamp |           ok |        null |                     null |                         700 |                         460 |                        695 |               552 |             483 |              66 |            182 |        null
 CE02SHSM | RID27 | 02-FLORTD000 | 3702412800 | telemetered | 3702498463.2869997025 |          5 |         3702498390 | 3702498463.2869997025 |      port_timestamp |           ok |        null |                     null |                         700 |                         460 |                        695 |               552 |             467 |              67 |            189 |        null
 CE02SHSM | RID27 | 02-FLORTD000 | 3702412800 | telemetered | 3702498464.4169998169 |          5 |         3702498391 | 3702498464.4169998169 |      port_timestamp |           ok |        null |                     null |                         700 |                         460 |                        695 |               552 |             390 |              65 |            195 |        null
 CE02SHSM | RID27 | 02-FLORTD000 | 3702412800 | telemetered | 3702498465.5460000038 |          5 |         3702498392 | 3702498465.5460000038 |      port_timestamp |           ok |        null |                     null |                         700 |                         460 |                        695 |               552 |             469 |              68 |            208 |        null
 CE02SHSM | RID27 | 02-FLORTD000 | 3702412800 | telemetered | 3702498466.6760001183 |          5 |         3702498393 | 3702498466.6760001183 |      port_timestamp |           ok |        null |                     null |                         700 |                         460 |                        695 |               552 |             409 |              65 |            203 |        null
 CE02SHSM | RID27 | 02-FLORTD000 | 3702412800 | telemetered | 3702498467.8059997559 |          5 |         3702498394 | 3702498467.8059997559 |      port_timestamp |           ok |        null |                     null |                         700 |                         460 |                        695 |               552 |             427 |              64 |            232 |        null
 CE02SHSM | RID27 | 02-FLORTD000 | 3702412800 | telemetered | 3702498474.5840001106 |          5 |         3702498401 | 3702498474.5840001106 |      port_timestamp |           ok |        null |                     null |                         700 |                         460 |                        695 |               552 |             437 |              63 |            231 |        null

(35 rows)
