
 subsite  | node  | sensor       | bin        | method    | time                  | deployment | internal_timestamp | port_timestamp        | preferred_timestamp | quality_flag | date_string | dcl_controller_timestamp | measurement_wavelength_beta | measurement_wavelength_cdom | measurement_wavelength_chl | raw_internal_temp | raw_signal_beta | raw_signal_cdom | raw_signal_chl | time_string
----------+-------+--------------+------------+-----------+-----------------------+------------+--------------------+-----------------------+---------------------+--------------+-------------+--------------------------+-----------------------------+-----------------------------+----------------------------+-------------------+-----------------+-----------------+----------------+-------------
 CE02SHSM | RID27 | 02-FLORTD000 | 3672345600 | recovered | 3672421346.8459997177 |          2 |         3672420985 | 3672421346.8459997177 |      port_timestamp |           ok |        null |                     null |                         700 |                         460 |                        695 |               550 |             388 |              74 |            130 |        null
 CE02SHSM | RID27 | 02-FLORTD000 | 3672345600 | recovered | 3672421353.6240000725 |          2 |         3672420991 | 3672421353.6240000725 |      port_timestamp |           ok |        null |                     null |                         700 |                         460 |                        695 |               549 |             425 |              74 |            128 |        null
 CE02SHSM | RID27 | 02-FLORTD000 | 3672345600 | recovered | 3672421354.7539997101 |          2 |         3672420993 | 3672421354.7539997101 |      port_timestamp |           ok |        null |                     null |                         700 |                         460 |                        695 |               550 |             369 |              74 |            132 |        null
 CE02SHSM | RID27 | 02-FLORTD000 | 3672345600 | recovered | 3672421355.8839998245 |          2 |         3672420994 | 3672421355.8839998245 |      port_timestamp |           ok |        null |                     null |                         700 |                         460 |                        695 |               549 |             446 |              73 |            131 |        null
 CE02SHSM | RID27 | 02-FLORTD000 | 3672345600 | recovered | 3672421357.0130000114 |          2 |         3672420995 | 3672421357.0130000114 |      port_timestamp |           ok |        null |                     null |                         700 |                         460 |                        695 |               549 |             436 |              76 |            131 |        null

(5 rows)
