
 subsite  | node  | sensor       | bin        | method    | time                  | deployment | internal_timestamp | port_timestamp        | preferred_timestamp | quality_flag | date_string | dcl_controller_timestamp | measurement_wavelength_beta | measurement_wavelength_cdom | measurement_wavelength_chl | raw_internal_temp | raw_signal_beta | raw_signal_cdom | raw_signal_chl | time_string
----------+-------+--------------+------------+-----------+-----------------------+------------+--------------------+-----------------------+---------------------+--------------+-------------+--------------------------+-----------------------------+-----------------------------+----------------------------+-------------------+-----------------+-----------------+----------------+-------------
 CE02SHSM | RID27 | 02-FLORTD000 | 3653164800 | recovered | 3653232317.2230000496 |          2 |         3653232214 | 3653232317.2230000496 |      port_timestamp |           ok |        null |                     null |                         700 |                         460 |                        695 |               543 |             127 |              48 |             66 |        null
 CE02SHSM | RID27 | 02-FLORTD000 | 3653164800 | recovered | 3653232318.3579998016 |          2 |         3653232215 | 3653232318.3579998016 |      port_timestamp |           ok |        null |                     null |                         700 |                         460 |                        695 |               543 |             127 |              47 |             65 |        null
 CE02SHSM | RID27 | 02-FLORTD000 | 3653164800 | recovered |  3653232319.492000103 |          2 |         3653232216 |  3653232319.492000103 |      port_timestamp |           ok |        null |                     null |                         700 |                         460 |                        695 |               543 |             133 |              48 |             67 |        null
 CE02SHSM | RID27 | 02-FLORTD000 | 3653164800 | recovered | 3653232320.6319999695 |          2 |         3653232217 | 3653232320.6319999695 |      port_timestamp |           ok |        null |                     null |                         700 |                         460 |                        695 |               543 |             132 |              48 |             70 |        null
 CE02SHSM | RID27 | 02-FLORTD000 | 3653164800 | recovered |  3653232321.765999794 |          2 |         3653232218 |  3653232321.765999794 |      port_timestamp |           ok |        null |                     null |                         700 |                         460 |                        695 |               542 |             127 |              49 |             68 |        null

(5 rows)
