
 subsite  | node  | sensor       | bin        | method      | time                  | deployment | internal_timestamp | port_timestamp        | preferred_timestamp | quality_flag | date_string | dcl_controller_timestamp | measurement_wavelength_beta | measurement_wavelength_cdom | measurement_wavelength_chl | raw_internal_temp | raw_signal_beta | raw_signal_cdom | raw_signal_chl | time_string
----------+-------+--------------+------------+-------------+-----------------------+------------+--------------------+-----------------------+---------------------+--------------+-------------+--------------------------+-----------------------------+-----------------------------+----------------------------+-------------------+-----------------+-----------------+----------------+-------------
 CE06ISSM | SBD17 | 06-FLORTD000 | 3687033600 | telemetered | 3687067828.2049999237 |          5 |         3687067822 | 3687067828.2049999237 |      port_timestamp |           ok |        null |                     null |                        null |                        null |                       null |              null |            1811 |              88 |            149 |        null
 CE06ISSM | SBD17 | 06-FLORTD000 | 3687033600 | telemetered |  3687085831.609000206 |          5 |         3687085825 |  3687085831.609000206 |      port_timestamp |           ok |        null |                     null |                        null |                        null |                       null |              null |            1488 |              90 |            148 |        null
 CE06ISSM | SBD17 | 06-FLORTD000 | 3687033600 | telemetered | 3687093027.7309999466 |          5 |         3687093021 | 3687093027.7309999466 |      port_timestamp |           ok |        null |                     null |                        null |                        null |                       null |              null |             467 |              80 |            134 |        null
 CE06ISSM | SBD17 | 06-FLORTD000 | 3687033600 | telemetered | 3687118227.5260000229 |          5 |         3687118221 | 3687118227.5260000229 |      port_timestamp |           ok |        null |                     null |                        null |                        null |                       null |              null |             895 |              83 |            162 |        null

(4 rows)
