
 subsite  | node  | sensor       | bin        | method      | time                  | deployment | internal_timestamp | port_timestamp        | preferred_timestamp | quality_flag | date_string | dcl_controller_timestamp | measurement_wavelength_beta | measurement_wavelength_cdom | measurement_wavelength_chl | raw_internal_temp | raw_signal_beta | raw_signal_cdom | raw_signal_chl | time_string
----------+-------+--------------+------------+-------------+-----------------------+------------+--------------------+-----------------------+---------------------+--------------+-------------+--------------------------+-----------------------------+-----------------------------+----------------------------+-------------------+-----------------+-----------------+----------------+-------------
 CE06ISSM | SBD17 | 06-FLORTD000 | 3687120000 | telemetered | 3687125430.5929999352 |          5 |         3687125424 | 3687125430.5929999352 |      port_timestamp |           ok |        null |                     null |                        null |                        null |                       null |              null |             638 |              85 |            146 |        null
 CE06ISSM | SBD17 | 06-FLORTD000 | 3687120000 | telemetered | 3687129026.5679998398 |          5 |         3687129020 | 3687129026.5679998398 |      port_timestamp |           ok |        null |                     null |                        null |                        null |                       null |              null |             828 |              85 |            141 |        null
 CE06ISSM | SBD17 | 06-FLORTD000 | 3687120000 | telemetered | 3687132631.4289999008 |          5 |         3687132625 | 3687132631.4289999008 |      port_timestamp |           ok |        null |                     null |                        null |                        null |                       null |              null |            1751 |              85 |            147 |        null
 CE06ISSM | SBD17 | 06-FLORTD000 | 3687120000 | telemetered | 3687139827.4119997025 |          5 |         3687139821 | 3687139827.4119997025 |      port_timestamp |           ok |        null |                     null |                        null |                        null |                       null |              null |             931 |              87 |            147 |        null
 CE06ISSM | SBD17 | 06-FLORTD000 | 3687120000 | telemetered |  3687154232.242000103 |          5 |         3687154226 |  3687154232.242000103 |      port_timestamp |           ok |        null |                     null |                        null |                        null |                       null |              null |             778 |              87 |            137 |        null

(5 rows)
