
 subsite  | node  | sensor       | bin        | method    | time                  | deployment | internal_timestamp | port_timestamp        | preferred_timestamp | quality_flag | conductivity | date_time_string | dcl_controller_timestamp | pressure | temp
----------+-------+--------------+------------+-----------+-----------------------+------------+--------------------+-----------------------+---------------------+--------------+--------------+------------------+--------------------------+----------+---------
 CE01ISSM | SBD17 | 06-CTDBPC000 | 3637699200 | recovered | 3637701022.7349996567 |          2 |         3637701015 | 3637701022.7349996567 |      port_timestamp |           ok |      3.60573 |             null |                     null |    1.259 | 12.4029
 CE01ISSM | SBD17 | 06-CTDBPC000 | 3637699200 | recovered | 3637704623.6830000877 |          2 |         3637704616 | 3637704623.6830000877 |      port_timestamp |           ok |      3.60514 |             null |                     null |     1.09 | 12.4097
 CE01ISSM | SBD17 | 06-CTDBPC000 | 3637699200 | recovered | 3637708223.9670000076 |          2 |         3637708216 | 3637708223.9670000076 |      port_timestamp |           ok |      3.60928 |             null |                     null |    1.016 |  12.425
 CE01ISSM | SBD17 | 06-CTDBPC000 | 3637699200 | recovered | 3637711822.9890003204 |          2 |         3637711815 | 3637711822.9890003204 |      port_timestamp |           ok |      3.59579 |             null |                     null |    1.122 | 12.3916
 CE01ISSM | SBD17 | 06-CTDBPC000 | 3637699200 | recovered | 3637715421.7530002594 |          2 |         3637715414 | 3637715421.7530002594 |      port_timestamp |           ok |      3.58877 |             null |                     null |    1.125 | 12.3262
 CE01ISSM | SBD17 | 06-CTDBPC000 | 3637699200 | recovered | 3637719022.3389997482 |          2 |         3637719014 | 3637719022.3389997482 |      port_timestamp |           ok |      3.60244 |             null |                     null |    1.127 | 12.3419
 CE01ISSM | SBD17 | 06-CTDBPC000 | 3637699200 | recovered | 3637722622.9070000648 |          2 |         3637722615 | 3637722622.9070000648 |      port_timestamp |           ok |      3.60959 |             null |                     null |    1.216 | 12.3346
 CE01ISSM | SBD17 | 06-CTDBPC000 | 3637699200 | recovered | 3637726221.7589998245 |          2 |         3637726214 | 3637726221.7589998245 |      port_timestamp |           ok |      3.60679 |             null |                     null |    1.352 | 12.3402
 CE01ISSM | SBD17 | 06-CTDBPC000 | 3637699200 | recovered | 3637729822.7469997406 |          2 |         3637729815 | 3637729822.7469997406 |      port_timestamp |           ok |      3.58044 |             null |                     null |    1.289 | 12.3899
 CE01ISSM | SBD17 | 06-CTDBPC000 | 3637699200 | recovered | 3637733422.6500000954 |          2 |         3637733415 | 3637733422.6500000954 |      port_timestamp |           ok |      3.54735 |             null |                     null |    1.225 | 12.3438
 CE01ISSM | SBD17 | 06-CTDBPC000 | 3637699200 | recovered | 3637737022.9630002975 |          2 |         3637737015 | 3637737022.9630002975 |      port_timestamp |           ok |      3.55116 |             null |                     null |    1.051 | 12.3335
 CE01ISSM | SBD17 | 06-CTDBPC000 | 3637699200 | recovered | 3637740622.5880002975 |          2 |         3637740615 | 3637740622.5880002975 |      port_timestamp |           ok |      3.56424 |             null |                     null |    1.027 | 12.3001
 CE01ISSM | SBD17 | 06-CTDBPC000 | 3637699200 | recovered | 3637744224.2829999924 |          2 |         3637744216 | 3637744224.2829999924 |      port_timestamp |           ok |      3.57327 |             null |                     null |    1.064 | 12.3084
 CE01ISSM | SBD17 | 06-CTDBPC000 | 3637699200 | recovered | 3637747823.1529998779 |          2 |         3637747815 | 3637747823.1529998779 |      port_timestamp |           ok |      3.57762 |             null |                     null |    1.072 | 12.3213
 CE01ISSM | SBD17 | 06-CTDBPC000 | 3637699200 | recovered | 3637751421.4720001221 |          2 |         3637751413 | 3637751421.4720001221 |      port_timestamp |           ok |      3.58156 |             null |                     null |    1.185 | 12.3165
 CE01ISSM | SBD17 | 06-CTDBPC000 | 3637699200 | recovered | 3637755022.6750001907 |          2 |         3637755015 | 3637755022.6750001907 |      port_timestamp |           ok |      3.58554 |             null |                     null |    1.255 | 12.3468
 CE01ISSM | SBD17 | 06-CTDBPC000 | 3637699200 | recovered | 3637758623.2720003128 |          2 |         3637758615 | 3637758623.2720003128 |      port_timestamp |           ok |      3.58313 |             null |                     null |    1.078 | 12.3087
 CE01ISSM | SBD17 | 06-CTDBPC000 | 3637699200 | recovered | 3637762223.2300000191 |          2 |         3637762215 | 3637762223.2300000191 |      port_timestamp |           ok |      3.58472 |             null |                     null |    1.123 | 12.2819
 CE01ISSM | SBD17 | 06-CTDBPC000 | 3637699200 | recovered | 3637765822.4239997864 |          2 |         3637765814 | 3637765822.4239997864 |      port_timestamp |           ok |      3.59042 |             null |                     null |    1.166 | 12.3207
 CE01ISSM | SBD17 | 06-CTDBPC000 | 3637699200 | recovered | 3637769422.8489999771 |          2 |         3637769415 | 3637769422.8489999771 |      port_timestamp |           ok |      3.60141 |             null |                     null |    1.231 | 12.4061
 CE01ISSM | SBD17 | 06-CTDBPC000 | 3637699200 | recovered | 3637773023.5120000839 |          2 |         3637773015 | 3637773023.5120000839 |      port_timestamp |           ok |      3.59814 |             null |                     null |    1.128 | 12.4238
 CE01ISSM | SBD17 | 06-CTDBPC000 | 3637699200 | recovered | 3637776622.3319997787 |          2 |         3637776614 | 3637776622.3319997787 |      port_timestamp |           ok |      3.61204 |             null |                     null |    1.189 | 12.4148
 CE01ISSM | SBD17 | 06-CTDBPC000 | 3637699200 | recovered | 3637780222.7430000305 |          2 |         3637780215 | 3637780222.7430000305 |      port_timestamp |           ok |      3.61143 |             null |                     null |    1.145 | 12.5515
 CE01ISSM | SBD17 | 06-CTDBPC000 | 3637699200 | recovered |  3637783823.111000061 |          2 |         3637783815 |  3637783823.111000061 |      port_timestamp |           ok |      3.60289 |             null |                     null |    1.181 | 12.5476

(24 rows)
